// Jest Snapshot v1, https://goo.gl/fbAQLP

exports[`should render and match snapshot 1`] = `
<View
  accessible={true}
  focusable={true}
  onClick={[Function]}
  onResponderGrant={[Function]}
  onResponderMove={[Function]}
  onResponderRelease={[Function]}
  onResponderTerminate={[Function]}
  onResponderTerminationRequest={[Function]}
  onStartShouldSetResponder={[Function]}
  style={
    Object {
      "opacity": 1,
    }
  }
>
  <View
    style={
      Array [
        Object {
          "backgroundColor": "white",
          "display": "flex",
          "flexDirection": "row",
          "marginBottom": "5%",
          "paddingBottom": "2%",
          "paddingLeft": "2%",
          "paddingRight": "2%",
          "paddingTop": "2%",
          "width": "100%",
        },
      ]
    }
  >
    <View
      style={
        Array [
          Object {
            "backgroundColor": "black",
            "height": 100,
            "width": 100,
          },
        ]
      }
    >
      <Image
        accessibilityLabel="image: undefined"
        source={
          Object {
            "uri": undefined,
          }
        }
        style={
          Array [
            Object {
              "height": "100%",
              "width": "100%",
            },
          ]
        }
      />
    </View>
    <View
      style={
        Array [
          Object {
            "display": "flex",
            "justifyContent": "space-between",
            "paddingLeft": "2%",
            "width": "70%",
          },
        ]
      }
    >
      <Text
        numberOfLines={1}
        style={
          Array [
            Object {
              "color": "#e85d04",
              "fontSize": 11,
              "fontWeight": "700",
              "marginBottom": 3,
              "marginLeft": 3,
              "marginRight": 3,
              "marginTop": 3,
            },
          ]
        }
      >
        Sunday, March 27, 2022 4:25 PM 
      </Text>
      <Text
        numberOfLines={2}
        style={
          Array [
            Object {
              "color": "black",
              "fontSize": 20,
              "fontWeight": "bold",
            },
          ]
        }
      />
      <Text
        numberOfLines={1}
        style={
          Array [
            Object {
              "color": "grey",
            },
          ]
        }
      />
    </View>
  </View>
</View>
`;
